// Jest Snapshot v1, https://goo.gl/fbAQLP

exports[`<TransactionDetails /> renders no deposit 1`] = `
<div
  className="jsx-2096637733 transaction-info-container"
>
  <div
    className="row no-gutters"
  >
    <div
      className="col-md-5"
    >
      <div
        className="card-cell border-0 card"
      >
        <div
          className="card-body"
        >
          <div
            className="row no-gutters"
          >
            <div
              className="card-cell-title align-self-center col-md-12 col-auto"
            >
              <img
                className="jsx-1735495307 card-cell-title-img"
                src="/static/images/icon-m-user.svg"
              />
              Signed by
              <div
                className="jsx-782042476 term-helper"
                onClick={[Function]}
              >
                <img
                  className="jsx-782042476 info"
                  onClick={[Function]}
                  src="/static/images/icon-info.svg"
                />
              </div>
            </div>
            <div
              className="ml-auto card-cell-text align-self-center col-md-12 col-auto"
            >
              <span
                onClick={[Function]}
              >
                <a
                  className="jsx-3150401870 account-link"
                  href="/accounts/signer.test"
                  onClick={[Function]}
                  onMouseEnter={[Function]}
                >
                  signer.test
                </a>
              </span>
            </div>
          </div>
        </div>
      </div>
    </div>
    <div
      className="col-md-4"
    >
      <div
        className="card-cell  card"
      >
        <div
          className="card-body"
        >
          <div
            className="row no-gutters"
          >
            <div
              className="card-cell-title align-self-center col-md-12 col-auto"
            >
              <img
                className="jsx-1735495307 card-cell-title-img"
                src="/static/images/icon-m-user.svg"
              />
              Receiver
              <div
                className="jsx-782042476 term-helper"
                onClick={[Function]}
              >
                <img
                  className="jsx-782042476 info"
                  onClick={[Function]}
                  src="/static/images/icon-info.svg"
                />
              </div>
            </div>
            <div
              className="ml-auto card-cell-text align-self-center col-md-12 col-auto"
            >
              <span
                onClick={[Function]}
              >
                <a
                  className="jsx-3150401870 account-link"
                  href="/accounts/receiver.test"
                  onClick={[Function]}
                  onMouseEnter={[Function]}
                >
                  receiver.test
                </a>
              </span>
            </div>
          </div>
        </div>
      </div>
    </div>
    <div
      className="col-md-3"
    >
      <div
        className="card-cell  card"
      >
        <div
          className="card-body"
        >
          <div
            className="row no-gutters"
          >
            <div
              className="card-cell-title align-self-center col-md-12 col-auto"
            >
              <img
                className="jsx-1735495307 card-cell-title-img"
                src="/static/images/icon-t-status.svg"
              />
              Status
              <div
                className="jsx-782042476 term-helper"
                onClick={[Function]}
              >
                <img
                  className="jsx-782042476 info"
                  onClick={[Function]}
                  src="/static/images/icon-info.svg"
                />
              </div>
            </div>
            <div
              className="ml-auto card-cell-text align-self-center col-md-12 col-auto"
            >
              <div
                className="jsx-2096637733"
                style={
                  Object {
                    "fontSize": "21px",
                  }
                }
              >
                Succeeded
                /Checking Finality...
              </div>
            </div>
          </div>
        </div>
      </div>
    </div>
  </div>
  <div
    className="row no-gutters"
  >
    <div
      className="col-md-3"
    >
      <div
        className="card-cell border-0 card"
      >
        <div
          className="card-body"
        >
          <div
            className="row no-gutters"
          >
            <div
              className="card-cell-title align-self-center col-md-12 col-auto"
            >
              <img
                className="jsx-1735495307 card-cell-title-img"
                src="/static/images/icon-m-size.svg"
              />
              Transaction Fee
              <div
                className="jsx-782042476 term-helper"
                onClick={[Function]}
              >
                <img
                  className="jsx-782042476 info"
                  onClick={[Function]}
                  src="/static/images/icon-info.svg"
                />
              </div>
            </div>
            <div
              className="ml-auto card-cell-text align-self-center col-md-12 col-auto"
            >
              <span
                onBlur={[Function]}
                onFocus={[Function]}
                onMouseOut={[Function]}
                onMouseOver={[Function]}
              >
                &lt;0.00001
                 
                Ⓝ
              </span>
            </div>
          </div>
        </div>
      </div>
    </div>
    <div
      className="col-md-3"
    >
      <div
        className="card-cell  card"
      >
        <div
          className="card-body"
        >
          <div
            className="row no-gutters"
          >
            <div
              className="card-cell-title align-self-center col-md-12 col-auto"
            >
              <img
                className="jsx-1735495307 card-cell-title-img"
                src="/static/images/icon-m-filter.svg"
              />
              Deposit Value
              <div
                className="jsx-782042476 term-helper"
                onClick={[Function]}
              >
                <img
                  className="jsx-782042476 info"
                  onClick={[Function]}
                  src="/static/images/icon-info.svg"
                />
              </div>
            </div>
            <div
              className="ml-auto card-cell-text align-self-center col-md-12 col-auto"
            >
              <span
                onBlur={[Function]}
                onFocus={[Function]}
                onMouseOut={[Function]}
                onMouseOver={[Function]}
              >
                0
                 
                Ⓝ
              </span>
            </div>
          </div>
        </div>
      </div>
    </div>
    <div
      className="col-md-3"
    >
      <div
        className="card-cell  card"
      >
        <div
          className="card-body"
        >
          <div
            className="row no-gutters"
          >
            <div
              className="card-cell-title align-self-center col-md-12 col-auto"
            >
              <img
                className="jsx-1735495307 card-cell-title-img"
                src="/static/images/icon-m-size.svg"
              />
              Gas Used
              <div
                className="jsx-782042476 term-helper"
                onClick={[Function]}
              >
                <img
                  className="jsx-782042476 info"
                  onClick={[Function]}
                  src="/static/images/icon-info.svg"
                />
              </div>
            </div>
            <div
              className="ml-auto card-cell-text align-self-center col-md-12 col-auto"
            >
              445 Ggas
            </div>
          </div>
        </div>
      </div>
    </div>
    <div
      className="col-md-3"
    >
      <div
        className="card-cell  card"
      >
        <div
          className="card-body"
        >
          <div
            className="row no-gutters"
          >
            <div
              className="card-cell-title align-self-center col-md-12 col-auto"
            >
              <img
                className="jsx-1735495307 card-cell-title-img"
                src="/static/images/icon-m-size.svg"
              />
              Attached Gas
              <div
                className="jsx-782042476 term-helper"
                onClick={[Function]}
              >
                <img
                  className="jsx-782042476 info"
                  onClick={[Function]}
                  src="/static/images/icon-info.svg"
                />
              </div>
            </div>
            <div
              className="ml-auto card-cell-text align-self-center col-md-12 col-auto"
            >
              445 Ggas
            </div>
          </div>
        </div>
      </div>
    </div>
  </div>
  <div
    className="border-0 row no-gutters"
  >
    <div
      className="col-md-4"
    >
      <div
        className="card-cell border-0 card"
      >
        <div
          className="card-body"
        >
          <div
            className="row no-gutters"
          >
            <div
              className="card-cell-title align-self-center col-md-12 col-auto"
            >
              Created
              <div
                className="jsx-782042476 term-helper"
                onClick={[Function]}
              >
                <img
                  className="jsx-782042476 info"
                  onClick={[Function]}
                  src="/static/images/icon-info.svg"
                />
              </div>
            </div>
            <div
              className="ml-auto card-cell-text align-self-center col-md-12 col-auto"
            >
              February 01, 2019 at 12:00:00am
            </div>
          </div>
        </div>
      </div>
    </div>
    <div
      className="col-md-8"
    >
      <div
        className="card-cell border-0 card"
      >
        <div
          className="card-body"
        >
          <div
            className="row no-gutters"
          >
            <div
              className="card-cell-title align-self-center col-md-12 col-auto"
            >
              Hash
              <div
                className="jsx-782042476 term-helper"
                onClick={[Function]}
              >
                <img
                  className="jsx-782042476 info"
                  onClick={[Function]}
                  src="/static/images/icon-info.svg"
                />
              </div>
            </div>
            <div
              className="ml-auto card-cell-text align-self-center col-md-12 col-auto"
            >
              BvJeW6gnFjkCBKCsRNEBrRLDQCFZNxLAi6uXzmLaVrrj
            </div>
          </div>
        </div>
      </div>
    </div>
  </div>
  <div
    className="row no-gutters"
  >
    <div
      className="col-md-12"
    >
      <div
        className="card-cell transaction-card-block-hash border-0 card"
      >
        <div
          className="card-body"
        >
          <div
            className="row no-gutters"
          >
            <div
              className="card-cell-title align-self-center col-md-12 col-auto"
            >
              Block Hash
              <div
                className="jsx-782042476 term-helper"
                onClick={[Function]}
              >
                <img
                  className="jsx-782042476 info"
                  onClick={[Function]}
                  src="/static/images/icon-info.svg"
                />
              </div>
            </div>
            <div
              className="ml-auto card-cell-text align-self-center col-md-12 col-auto"
            >
              <span
                onClick={[Function]}
              >
                <a
                  className="block-link"
                  href="/blocks/BvJeW6gnFjkCBKCsRNEBrRLDQCFZNxLAi6uXzmLaVrrj"
                  onClick={[Function]}
                  onMouseEnter={[Function]}
                >
                  BvJeW6gnFjkCBKCsRNEBrRLDQCFZNxLAi6uXzmLaVrrj
                </a>
              </span>
            </div>
          </div>
        </div>
      </div>
    </div>
  </div>
</div>
`;

exports[`<TransactionDetails /> renders with one small deposit 1`] = `
<div
  className="jsx-2096637733 transaction-info-container"
>
  <div
    className="row no-gutters"
  >
    <div
      className="col-md-5"
    >
      <div
        className="card-cell border-0 card"
      >
        <div
          className="card-body"
        >
          <div
            className="row no-gutters"
          >
            <div
              className="card-cell-title align-self-center col-md-12 col-auto"
            >
              <img
                className="jsx-1735495307 card-cell-title-img"
                src="/static/images/icon-m-user.svg"
              />
              Signed by
              <div
                className="jsx-782042476 term-helper"
                onClick={[Function]}
              >
                <img
                  className="jsx-782042476 info"
                  onClick={[Function]}
                  src="/static/images/icon-info.svg"
                />
              </div>
            </div>
            <div
              className="ml-auto card-cell-text align-self-center col-md-12 col-auto"
            >
              <span
                onClick={[Function]}
              >
                <a
                  className="jsx-3150401870 account-link"
                  href="/accounts/signer2.test"
                  onClick={[Function]}
                  onMouseEnter={[Function]}
                >
                  signer2.test
                </a>
              </span>
            </div>
          </div>
        </div>
      </div>
    </div>
    <div
      className="col-md-4"
    >
      <div
        className="card-cell  card"
      >
        <div
          className="card-body"
        >
          <div
            className="row no-gutters"
          >
            <div
              className="card-cell-title align-self-center col-md-12 col-auto"
            >
              <img
                className="jsx-1735495307 card-cell-title-img"
                src="/static/images/icon-m-user.svg"
              />
              Receiver
              <div
                className="jsx-782042476 term-helper"
                onClick={[Function]}
              >
                <img
                  className="jsx-782042476 info"
                  onClick={[Function]}
                  src="/static/images/icon-info.svg"
                />
              </div>
            </div>
            <div
              className="ml-auto card-cell-text align-self-center col-md-12 col-auto"
            >
              <span
                onClick={[Function]}
              >
                <a
                  className="jsx-3150401870 account-link"
                  href="/accounts/receiver2.test"
                  onClick={[Function]}
                  onMouseEnter={[Function]}
                >
                  receiver2.test
                </a>
              </span>
            </div>
          </div>
        </div>
      </div>
    </div>
    <div
      className="col-md-3"
    >
      <div
        className="card-cell  card"
      >
        <div
          className="card-body"
        >
          <div
            className="row no-gutters"
          >
            <div
              className="card-cell-title align-self-center col-md-12 col-auto"
            >
              <img
                className="jsx-1735495307 card-cell-title-img"
                src="/static/images/icon-t-status.svg"
              />
              Status
              <div
                className="jsx-782042476 term-helper"
                onClick={[Function]}
              >
                <img
                  className="jsx-782042476 info"
                  onClick={[Function]}
                  src="/static/images/icon-info.svg"
                />
              </div>
            </div>
            <div
              className="ml-auto card-cell-text align-self-center col-md-12 col-auto"
            >
              <div
                className="jsx-2096637733"
                style={
                  Object {
                    "fontSize": "21px",
                  }
                }
              >
                Succeeded
                /Checking Finality...
              </div>
            </div>
          </div>
        </div>
      </div>
    </div>
  </div>
  <div
    className="row no-gutters"
  >
    <div
      className="col-md-3"
    >
      <div
        className="card-cell border-0 card"
      >
        <div
          className="card-body"
        >
          <div
            className="row no-gutters"
          >
            <div
              className="card-cell-title align-self-center col-md-12 col-auto"
            >
              <img
                className="jsx-1735495307 card-cell-title-img"
                src="/static/images/icon-m-size.svg"
              />
              Transaction Fee
              <div
                className="jsx-782042476 term-helper"
                onClick={[Function]}
              >
                <img
                  className="jsx-782042476 info"
                  onClick={[Function]}
                  src="/static/images/icon-info.svg"
                />
              </div>
            </div>
            <div
              className="ml-auto card-cell-text align-self-center col-md-12 col-auto"
            >
              <span
                onBlur={[Function]}
                onFocus={[Function]}
                onMouseOut={[Function]}
                onMouseOver={[Function]}
              >
                &lt;0.00001
                 
                Ⓝ
              </span>
            </div>
          </div>
        </div>
      </div>
    </div>
    <div
      className="col-md-3"
    >
      <div
        className="card-cell  card"
      >
        <div
          className="card-body"
        >
          <div
            className="row no-gutters"
          >
            <div
              className="card-cell-title align-self-center col-md-12 col-auto"
            >
              <img
                className="jsx-1735495307 card-cell-title-img"
                src="/static/images/icon-m-filter.svg"
              />
              Deposit Value
              <div
                className="jsx-782042476 term-helper"
                onClick={[Function]}
              >
                <img
                  className="jsx-782042476 info"
                  onClick={[Function]}
                  src="/static/images/icon-info.svg"
                />
              </div>
            </div>
            <div
              className="ml-auto card-cell-text align-self-center col-md-12 col-auto"
            >
              <span
                onBlur={[Function]}
                onFocus={[Function]}
                onMouseOut={[Function]}
                onMouseOver={[Function]}
              >
                &lt;0.00001
                 
                Ⓝ
              </span>
            </div>
          </div>
        </div>
      </div>
    </div>
    <div
      className="col-md-3"
    >
      <div
        className="card-cell  card"
      >
        <div
          className="card-body"
        >
          <div
            className="row no-gutters"
          >
            <div
              className="card-cell-title align-self-center col-md-12 col-auto"
            >
              <img
                className="jsx-1735495307 card-cell-title-img"
                src="/static/images/icon-m-size.svg"
              />
              Gas Used
              <div
                className="jsx-782042476 term-helper"
                onClick={[Function]}
              >
                <img
                  className="jsx-782042476 info"
                  onClick={[Function]}
                  src="/static/images/icon-info.svg"
                />
              </div>
            </div>
            <div
              className="ml-auto card-cell-text align-self-center col-md-12 col-auto"
            >
              1 Mgas
            </div>
          </div>
        </div>
      </div>
    </div>
    <div
      className="col-md-3"
    >
      <div
        className="card-cell  card"
      >
        <div
          className="card-body"
        >
          <div
            className="row no-gutters"
          >
            <div
              className="card-cell-title align-self-center col-md-12 col-auto"
            >
              <img
                className="jsx-1735495307 card-cell-title-img"
                src="/static/images/icon-m-size.svg"
              />
              Attached Gas
              <div
                className="jsx-782042476 term-helper"
                onClick={[Function]}
              >
                <img
                  className="jsx-782042476 info"
                  onClick={[Function]}
                  src="/static/images/icon-info.svg"
                />
              </div>
            </div>
            <div
              className="ml-auto card-cell-text align-self-center col-md-12 col-auto"
            >
              2 Mgas
            </div>
          </div>
        </div>
      </div>
    </div>
  </div>
  <div
    className="border-0 row no-gutters"
  >
    <div
      className="col-md-4"
    >
      <div
        className="card-cell border-0 card"
      >
        <div
          className="card-body"
        >
          <div
            className="row no-gutters"
          >
            <div
              className="card-cell-title align-self-center col-md-12 col-auto"
            >
              Created
              <div
                className="jsx-782042476 term-helper"
                onClick={[Function]}
              >
                <img
                  className="jsx-782042476 info"
                  onClick={[Function]}
                  src="/static/images/icon-info.svg"
                />
              </div>
            </div>
            <div
              className="ml-auto card-cell-text align-self-center col-md-12 col-auto"
            >
              February 01, 2019 at 12:00:00am
            </div>
          </div>
        </div>
      </div>
    </div>
    <div
      className="col-md-8"
    >
      <div
        className="card-cell border-0 card"
      >
        <div
          className="card-body"
        >
          <div
            className="row no-gutters"
          >
            <div
              className="card-cell-title align-self-center col-md-12 col-auto"
            >
              Hash
              <div
                className="jsx-782042476 term-helper"
                onClick={[Function]}
              >
                <img
                  className="jsx-782042476 info"
                  onClick={[Function]}
                  src="/static/images/icon-info.svg"
                />
              </div>
            </div>
            <div
              className="ml-auto card-cell-text align-self-center col-md-12 col-auto"
            >
              222eW6gnFjkCBKCsRNEBrRLDQCFZNxLAi6uXzmLaVrrj
            </div>
          </div>
        </div>
      </div>
    </div>
  </div>
  <div
    className="row no-gutters"
  >
    <div
      className="col-md-12"
    >
      <div
        className="card-cell transaction-card-block-hash border-0 card"
      >
        <div
          className="card-body"
        >
          <div
            className="row no-gutters"
          >
            <div
              className="card-cell-title align-self-center col-md-12 col-auto"
            >
              Block Hash
              <div
                className="jsx-782042476 term-helper"
                onClick={[Function]}
              >
                <img
                  className="jsx-782042476 info"
                  onClick={[Function]}
                  src="/static/images/icon-info.svg"
                />
              </div>
            </div>
            <div
              className="ml-auto card-cell-text align-self-center col-md-12 col-auto"
            >
              <span
                onClick={[Function]}
              >
                <a
                  className="block-link"
                  href="/blocks/222BBBgnFjkCBKCsRNEBrRLDQCFZNxLAi6uXzmLaVrrj"
                  onClick={[Function]}
                  onMouseEnter={[Function]}
                >
                  222BBBgnFjkCBKCsRNEBrRLDQCFZNxLAi6uXzmLaVrrj
                </a>
              </span>
            </div>
          </div>
        </div>
      </div>
    </div>
  </div>
</div>
`;

exports[`<TransactionDetails /> renders with two big deposit 1`] = `
<div
  className="jsx-2096637733 transaction-info-container"
>
  <div
    className="row no-gutters"
  >
    <div
      className="col-md-5"
    >
      <div
        className="card-cell border-0 card"
      >
        <div
          className="card-body"
        >
          <div
            className="row no-gutters"
          >
            <div
              className="card-cell-title align-self-center col-md-12 col-auto"
            >
              <img
                className="jsx-1735495307 card-cell-title-img"
                src="/static/images/icon-m-user.svg"
              />
              Signed by
              <div
                className="jsx-782042476 term-helper"
                onClick={[Function]}
              >
                <img
                  className="jsx-782042476 info"
                  onClick={[Function]}
                  src="/static/images/icon-info.svg"
                />
              </div>
            </div>
            <div
              className="ml-auto card-cell-text align-self-center col-md-12 col-auto"
            >
              <span
                onClick={[Function]}
              >
                <a
                  className="jsx-3150401870 account-link"
                  href="/accounts/signer2.test"
                  onClick={[Function]}
                  onMouseEnter={[Function]}
                >
                  signer2.test
                </a>
              </span>
            </div>
          </div>
        </div>
      </div>
    </div>
    <div
      className="col-md-4"
    >
      <div
        className="card-cell  card"
      >
        <div
          className="card-body"
        >
          <div
            className="row no-gutters"
          >
            <div
              className="card-cell-title align-self-center col-md-12 col-auto"
            >
              <img
                className="jsx-1735495307 card-cell-title-img"
                src="/static/images/icon-m-user.svg"
              />
              Receiver
              <div
                className="jsx-782042476 term-helper"
                onClick={[Function]}
              >
                <img
                  className="jsx-782042476 info"
                  onClick={[Function]}
                  src="/static/images/icon-info.svg"
                />
              </div>
            </div>
            <div
              className="ml-auto card-cell-text align-self-center col-md-12 col-auto"
            >
              <span
                onClick={[Function]}
              >
                <a
                  className="jsx-3150401870 account-link"
                  href="/accounts/receiver2.test"
                  onClick={[Function]}
                  onMouseEnter={[Function]}
                >
                  receiver2.test
                </a>
              </span>
            </div>
          </div>
        </div>
      </div>
    </div>
    <div
      className="col-md-3"
    >
      <div
        className="card-cell  card"
      >
        <div
          className="card-body"
        >
          <div
            className="row no-gutters"
          >
            <div
              className="card-cell-title align-self-center col-md-12 col-auto"
            >
              <img
                className="jsx-1735495307 card-cell-title-img"
                src="/static/images/icon-t-status.svg"
              />
              Status
              <div
                className="jsx-782042476 term-helper"
                onClick={[Function]}
              >
                <img
                  className="jsx-782042476 info"
                  onClick={[Function]}
                  src="/static/images/icon-info.svg"
                />
              </div>
            </div>
            <div
              className="ml-auto card-cell-text align-self-center col-md-12 col-auto"
            >
              <div
                className="jsx-2096637733"
                style={
                  Object {
                    "fontSize": "21px",
                  }
                }
              >
                Succeeded
                /Checking Finality...
              </div>
            </div>
          </div>
        </div>
      </div>
    </div>
  </div>
  <div
    className="row no-gutters"
  >
    <div
      className="col-md-3"
    >
      <div
        className="card-cell border-0 card"
      >
        <div
          className="card-body"
        >
          <div
            className="row no-gutters"
          >
            <div
              className="card-cell-title align-self-center col-md-12 col-auto"
            >
              <img
                className="jsx-1735495307 card-cell-title-img"
                src="/static/images/icon-m-size.svg"
              />
              Transaction Fee
              <div
                className="jsx-782042476 term-helper"
                onClick={[Function]}
              >
                <img
                  className="jsx-782042476 info"
                  onClick={[Function]}
                  src="/static/images/icon-info.svg"
                />
              </div>
            </div>
            <div
              className="ml-auto card-cell-text align-self-center col-md-12 col-auto"
            >
              <span
                onBlur={[Function]}
                onFocus={[Function]}
                onMouseOut={[Function]}
                onMouseOver={[Function]}
              >
                &lt;0.00001
                 
                Ⓝ
              </span>
            </div>
          </div>
        </div>
      </div>
    </div>
    <div
      className="col-md-3"
    >
      <div
        className="card-cell  card"
      >
        <div
          className="card-body"
        >
          <div
            className="row no-gutters"
          >
            <div
              className="card-cell-title align-self-center col-md-12 col-auto"
            >
              <img
                className="jsx-1735495307 card-cell-title-img"
                src="/static/images/icon-m-filter.svg"
              />
              Deposit Value
              <div
                className="jsx-782042476 term-helper"
                onClick={[Function]}
              >
                <img
                  className="jsx-782042476 info"
                  onClick={[Function]}
                  src="/static/images/icon-info.svg"
                />
              </div>
            </div>
            <div
              className="ml-auto card-cell-text align-self-center col-md-12 col-auto"
            >
              <span
                onBlur={[Function]}
                onFocus={[Function]}
                onMouseOut={[Function]}
                onMouseOver={[Function]}
              >
                0.00014
                 
                Ⓝ
              </span>
            </div>
          </div>
        </div>
      </div>
    </div>
    <div
      className="col-md-3"
    >
      <div
        className="card-cell  card"
      >
        <div
          className="card-body"
        >
          <div
            className="row no-gutters"
          >
            <div
              className="card-cell-title align-self-center col-md-12 col-auto"
            >
              <img
                className="jsx-1735495307 card-cell-title-img"
                src="/static/images/icon-m-size.svg"
              />
              Gas Used
              <div
                className="jsx-782042476 term-helper"
                onClick={[Function]}
              >
                <img
                  className="jsx-782042476 info"
                  onClick={[Function]}
                  src="/static/images/icon-info.svg"
                />
              </div>
            </div>
            <div
              className="ml-auto card-cell-text align-self-center col-md-12 col-auto"
            >
              123 Mgas
            </div>
          </div>
        </div>
      </div>
    </div>
    <div
      className="col-md-3"
    >
      <div
        className="card-cell  card"
      >
        <div
          className="card-body"
        >
          <div
            className="row no-gutters"
          >
            <div
              className="card-cell-title align-self-center col-md-12 col-auto"
            >
              <img
                className="jsx-1735495307 card-cell-title-img"
                src="/static/images/icon-m-size.svg"
              />
              Attached Gas
              <div
                className="jsx-782042476 term-helper"
                onClick={[Function]}
              >
                <img
                  className="jsx-782042476 info"
                  onClick={[Function]}
                  src="/static/images/icon-info.svg"
                />
              </div>
            </div>
            <div
              className="ml-auto card-cell-text align-self-center col-md-12 col-auto"
            >
              123 Mgas
            </div>
          </div>
        </div>
      </div>
    </div>
  </div>
  <div
    className="border-0 row no-gutters"
  >
    <div
      className="col-md-4"
    >
      <div
        className="card-cell border-0 card"
      >
        <div
          className="card-body"
        >
          <div
            className="row no-gutters"
          >
            <div
              className="card-cell-title align-self-center col-md-12 col-auto"
            >
              Created
              <div
                className="jsx-782042476 term-helper"
                onClick={[Function]}
              >
                <img
                  className="jsx-782042476 info"
                  onClick={[Function]}
                  src="/static/images/icon-info.svg"
                />
              </div>
            </div>
            <div
              className="ml-auto card-cell-text align-self-center col-md-12 col-auto"
            >
              February 01, 2019 at 12:00:00am
            </div>
          </div>
        </div>
      </div>
    </div>
    <div
      className="col-md-8"
    >
      <div
        className="card-cell border-0 card"
      >
        <div
          className="card-body"
        >
          <div
            className="row no-gutters"
          >
            <div
              className="card-cell-title align-self-center col-md-12 col-auto"
            >
              Hash
              <div
                className="jsx-782042476 term-helper"
                onClick={[Function]}
              >
                <img
                  className="jsx-782042476 info"
                  onClick={[Function]}
                  src="/static/images/icon-info.svg"
                />
              </div>
            </div>
            <div
              className="ml-auto card-cell-text align-self-center col-md-12 col-auto"
            >
              222eW6gnFjkCBKCsRNEBrRLDQCFZNxLAi6uXzmLaVxxx
            </div>
          </div>
        </div>
      </div>
    </div>
  </div>
  <div
    className="row no-gutters"
  >
    <div
      className="col-md-12"
    >
      <div
        className="card-cell transaction-card-block-hash border-0 card"
      >
        <div
          className="card-body"
        >
          <div
            className="row no-gutters"
          >
            <div
              className="card-cell-title align-self-center col-md-12 col-auto"
            >
              Block Hash
              <div
                className="jsx-782042476 term-helper"
                onClick={[Function]}
              >
                <img
                  className="jsx-782042476 info"
                  onClick={[Function]}
                  src="/static/images/icon-info.svg"
                />
              </div>
            </div>
            <div
              className="ml-auto card-cell-text align-self-center col-md-12 col-auto"
            >
              <span
                onClick={[Function]}
              >
                <a
                  className="block-link"
                  href="/blocks/222BBBgnFjkCBKCsRNEBrRLDQCFZNxLAi6uXzmLaVrrj"
                  onClick={[Function]}
                  onMouseEnter={[Function]}
                >
                  222BBBgnFjkCBKCsRNEBrRLDQCFZNxLAi6uXzmLaVrrj
                </a>
              </span>
            </div>
          </div>
        </div>
      </div>
    </div>
  </div>
</div>
`;
