// Jest Snapshot v1, https://goo.gl/fbAQLP

exports[`<AccountDetails /> renders with account created at genesis (legacy) 1`] = `
<div
  className="c-AccountInfoContainer-iboFxe"
>
  <div
    className="row no-gutters"
  >
    <div
      className="col-md-4 col-12"
    >
      <div
        className="c-CardCellWrapper-gHjrDY border-0 card"
      >
        <div
          className="card-body"
        >
          <div
            className="row no-gutters"
          >
            <div
              className="c-CardCellTitle-epaoYL align-self-center col-md-12 col-auto"
            >
              <img
                className="c-CardCellTitleImage-dihKuo"
                src="/static/images/icon-m-transaction.svg"
              />
              component.accounts.AccountDetails.transactions.title
              <div
                className="c-TermHelper-gkIpUV"
                onClick={[Function]}
              >
                <img
                  className="c-TermInfoIcon-leEap"
                  onClick={[Function]}
                  src="/static/images/icon-info.svg"
                />
              </div>
            </div>
            <div
              className="c-CardCellText-eLcwWo ml-auto align-self-center col-md-12 col-auto"
            >
              <span>
                ↑
                <div
                  className="spinner-border text-secondary"
                />
              </span>
                
              <span>
                ↓
                <div
                  className="spinner-border text-secondary"
                />
              </span>
            </div>
          </div>
        </div>
      </div>
    </div>
    <div
      className="col-md-4 col-12"
    >
      <div
        className="c-CardCellWrapper-gHjrDY card"
      >
        <div
          className="card-body"
        >
          <div
            className="row no-gutters"
          >
            <div
              className="c-CardCellTitle-epaoYL align-self-center col-md-12 col-auto"
            >
              <img
                className="c-CardCellTitleImage-dihKuo"
                src="/static/images/icon-storage.svg"
              />
              component.accounts.AccountDetails.storage_usage.title
              <div
                className="c-TermHelper-gkIpUV"
                onClick={[Function]}
              >
                <img
                  className="c-TermInfoIcon-leEap"
                  onClick={[Function]}
                  src="/static/images/icon-info.svg"
                />
              </div>
            </div>
            <div
              className="c-CardCellText-eLcwWo ml-auto align-self-center col-md-12 col-auto"
            >
              <span
                onBlur={[Function]}
                onFocus={[Function]}
                onMouseOut={[Function]}
                onMouseOver={[Function]}
              >
                876 utils.StorageSize.bytes
              </span>
            </div>
          </div>
        </div>
      </div>
    </div>
    <div
      className="col-md-4 col-12"
    >
      <div
        className="c-CardCellWrapper-gHjrDY card"
      >
        <div
          className="card-body"
        >
          <div
            className="row no-gutters"
          >
            <div
              className="c-CardCellTitle-epaoYL align-self-center col-md-12 col-auto"
            >
              <img
                className="c-CardCellTitleImage-dihKuo"
                src="/static/images/icon-m-transaction.svg"
              />
              component.accounts.AccountDetails.lockup_account.title
              <div
                className="c-TermHelper-gkIpUV"
                onClick={[Function]}
              >
                <img
                  className="c-TermInfoIcon-leEap"
                  onClick={[Function]}
                  src="/static/images/icon-info.svg"
                />
              </div>
            </div>
            <div
              className="c-CardCellText-eLcwWo ml-auto align-self-center col-md-12 col-auto"
            >
              <span
                onClick={[Function]}
              >
                <a
                  className="c-AccountLinkWrapper-dbzzBd"
                  href="/accounts/gjturigjgkjnfidsjffjsa.lockup.near"
                  onClick={[Function]}
                  onMouseEnter={[Function]}
                >
                  gjtur…ockup.near
                </a>
              </span>
            </div>
          </div>
        </div>
      </div>
    </div>
  </div>
  <div
    className="row no-gutters"
  >
    <div
      className="col-md-4 col-12"
    >
      <div
        className="c-CardCellWrapper-gHjrDY border-0 card"
      >
        <div
          className="card-body"
        >
          <div
            className="row no-gutters"
          >
            <div
              className="c-CardCellTitle-epaoYL align-self-center col-md-12 col-auto"
            >
              component.accounts.AccountDetails.native_account_balance.title
              <div
                className="c-TermHelper-gkIpUV"
                onClick={[Function]}
              >
                <img
                  className="c-TermInfoIcon-leEap"
                  onClick={[Function]}
                  src="/static/images/icon-info.svg"
                />
              </div>
            </div>
            <div
              className="c-CardCellText-eLcwWo ml-auto align-self-center col-md-12 col-auto"
            >
              <span
                onBlur={[Function]}
                onFocus={[Function]}
                onMouseOut={[Function]}
                onMouseOver={[Function]}
              >
                0.00065
                 
                Ⓝ
              </span>
            </div>
          </div>
        </div>
      </div>
    </div>
    <div
      className="col-md-4"
    >
      <div
        className="c-CardCellWrapper-gHjrDY card"
      >
        <div
          className="card-body"
        >
          <div
            className="row no-gutters"
          >
            <div
              className="c-CardCellTitle-epaoYL align-self-center col-md-12 col-auto"
            >
              component.accounts.AccountDetails.validator_stake.title
              <div
                className="c-TermHelper-gkIpUV"
                onClick={[Function]}
              >
                <img
                  className="c-TermInfoIcon-leEap"
                  onClick={[Function]}
                  src="/static/images/icon-info.svg"
                />
              </div>
            </div>
            <div
              className="c-CardCellText-eLcwWo ml-auto align-self-center col-md-12 col-auto"
            >
              <span
                onBlur={[Function]}
                onFocus={[Function]}
                onMouseOut={[Function]}
                onMouseOver={[Function]}
              >
                0
                 
                Ⓝ
              </span>
            </div>
          </div>
        </div>
      </div>
    </div>
    <div
      className="col-md-4"
    >
      <div
        className="c-CardCellWrapper-gHjrDY card"
      >
        <div
          className="card-body"
        >
          <div
            className="row no-gutters"
          >
            <div
              className="c-CardCellTitle-epaoYL align-self-center col-md-12 col-auto"
            >
              component.accounts.AccountDetails.balance_profile.title
              <div
                className="c-TermHelper-gkIpUV"
                onClick={[Function]}
              >
                <img
                  className="c-TermInfoIcon-leEap"
                  onClick={[Function]}
                  src="/static/images/icon-info.svg"
                />
              </div>
            </div>
            <div
              className="c-CardCellText-eLcwWo ml-auto align-self-center col-md-12 col-auto"
            >
              <span
                onClick={[Function]}
              >
                <a
                  className="c-AccountLink-dbzzBd"
                  href="http://wallet/profile/megan.near"
                  rel="noopener"
                  target="_blank"
                >
                  utils.WalletLink
                </a>
              </span>
            </div>
          </div>
        </div>
      </div>
    </div>
  </div>
  <div
    className="border-0 row no-gutters"
  >
    <div
      className="col-md-4"
    >
      <div
        className="c-CardCellWrapper-gHjrDY c-ColoredCell-jlBwPJ border-0 card"
      >
        <div
          className="card-body"
        >
          <div
            className="row no-gutters"
          >
            <div
              className="c-CardCellTitle-epaoYL align-self-center col-md-12 col-auto"
            >
              component.accounts.AccountDetails.created_at.title
              <div
                className="c-TermHelper-gkIpUV"
                onClick={[Function]}
              >
                <img
                  className="c-TermInfoIcon-leEap"
                  onClick={[Function]}
                  src="/static/images/icon-info.svg"
                />
              </div>
            </div>
            <div
              className="c-CardCellText-eLcwWo ml-auto align-self-center col-md-12 col-auto"
            >
              Genesis
            </div>
          </div>
        </div>
      </div>
    </div>
  </div>
</div>
`;

exports[`<AccountDetails /> renders with account created at genesis 1`] = `
<div
  className="c-AccountInfoContainer-iboFxe"
>
  <div
    className="row no-gutters"
  >
    <div
      className="col-md-4 col-12"
    >
      <div
        className="c-CardCellWrapper-gHjrDY border-0 card"
      >
        <div
          className="card-body"
        >
          <div
            className="row no-gutters"
          >
            <div
              className="c-CardCellTitle-epaoYL align-self-center col-md-12 col-auto"
            >
              <img
                className="c-CardCellTitleImage-dihKuo"
                src="/static/images/icon-m-transaction.svg"
              />
              component.accounts.AccountDetails.transactions.title
              <div
                className="c-TermHelper-gkIpUV"
                onClick={[Function]}
              >
                <img
                  className="c-TermInfoIcon-leEap"
                  onClick={[Function]}
                  src="/static/images/icon-info.svg"
                />
              </div>
            </div>
            <div
              className="c-CardCellText-eLcwWo ml-auto align-self-center col-md-12 col-auto"
            >
              <span>
                ↑
                <div
                  className="spinner-border text-secondary"
                />
              </span>
                
              <span>
                ↓
                <div
                  className="spinner-border text-secondary"
                />
              </span>
            </div>
          </div>
        </div>
      </div>
    </div>
    <div
      className="col-md-4 col-12"
    >
      <div
        className="c-CardCellWrapper-gHjrDY card"
      >
        <div
          className="card-body"
        >
          <div
            className="row no-gutters"
          >
            <div
              className="c-CardCellTitle-epaoYL align-self-center col-md-12 col-auto"
            >
              <img
                className="c-CardCellTitleImage-dihKuo"
                src="/static/images/icon-storage.svg"
              />
              component.accounts.AccountDetails.storage_usage.title
              <div
                className="c-TermHelper-gkIpUV"
                onClick={[Function]}
              >
                <img
                  className="c-TermInfoIcon-leEap"
                  onClick={[Function]}
                  src="/static/images/icon-info.svg"
                />
              </div>
            </div>
            <div
              className="c-CardCellText-eLcwWo ml-auto align-self-center col-md-12 col-auto"
            >
              <span
                onBlur={[Function]}
                onFocus={[Function]}
                onMouseOut={[Function]}
                onMouseOver={[Function]}
              >
                876 utils.StorageSize.bytes
              </span>
            </div>
          </div>
        </div>
      </div>
    </div>
    <div
      className="col-md-4 col-12"
    >
      <div
        className="c-CardCellWrapper-gHjrDY card"
      >
        <div
          className="card-body"
        >
          <div
            className="row no-gutters"
          >
            <div
              className="c-CardCellTitle-epaoYL align-self-center col-md-12 col-auto"
            >
              <img
                className="c-CardCellTitleImage-dihKuo"
                src="/static/images/icon-m-transaction.svg"
              />
              component.accounts.AccountDetails.lockup_account.title
              <div
                className="c-TermHelper-gkIpUV"
                onClick={[Function]}
              >
                <img
                  className="c-TermInfoIcon-leEap"
                  onClick={[Function]}
                  src="/static/images/icon-info.svg"
                />
              </div>
            </div>
            <div
              className="c-CardCellText-eLcwWo ml-auto align-self-center col-md-12 col-auto"
            >
              <span
                onClick={[Function]}
              >
                <a
                  className="c-AccountLinkWrapper-dbzzBd"
                  href="/accounts/gjturigjgkjnfidsjffjsa.lockup.near"
                  onClick={[Function]}
                  onMouseEnter={[Function]}
                >
                  gjtur…ockup.near
                </a>
              </span>
            </div>
          </div>
        </div>
      </div>
    </div>
  </div>
  <div
    className="row no-gutters"
  >
    <div
      className="col-md-4 col-12"
    >
      <div
        className="c-CardCellWrapper-gHjrDY border-0 card"
      >
        <div
          className="card-body"
        >
          <div
            className="row no-gutters"
          >
            <div
              className="c-CardCellTitle-epaoYL align-self-center col-md-12 col-auto"
            >
              component.accounts.AccountDetails.native_account_balance.title
              <div
                className="c-TermHelper-gkIpUV"
                onClick={[Function]}
              >
                <img
                  className="c-TermInfoIcon-leEap"
                  onClick={[Function]}
                  src="/static/images/icon-info.svg"
                />
              </div>
            </div>
            <div
              className="c-CardCellText-eLcwWo ml-auto align-self-center col-md-12 col-auto"
            >
              <span
                onBlur={[Function]}
                onFocus={[Function]}
                onMouseOut={[Function]}
                onMouseOver={[Function]}
              >
                0.00065
                 
                Ⓝ
              </span>
            </div>
          </div>
        </div>
      </div>
    </div>
    <div
      className="col-md-4"
    >
      <div
        className="c-CardCellWrapper-gHjrDY card"
      >
        <div
          className="card-body"
        >
          <div
            className="row no-gutters"
          >
            <div
              className="c-CardCellTitle-epaoYL align-self-center col-md-12 col-auto"
            >
              component.accounts.AccountDetails.validator_stake.title
              <div
                className="c-TermHelper-gkIpUV"
                onClick={[Function]}
              >
                <img
                  className="c-TermInfoIcon-leEap"
                  onClick={[Function]}
                  src="/static/images/icon-info.svg"
                />
              </div>
            </div>
            <div
              className="c-CardCellText-eLcwWo ml-auto align-self-center col-md-12 col-auto"
            >
              <span
                onBlur={[Function]}
                onFocus={[Function]}
                onMouseOut={[Function]}
                onMouseOver={[Function]}
              >
                0
                 
                Ⓝ
              </span>
            </div>
          </div>
        </div>
      </div>
    </div>
    <div
      className="col-md-4"
    >
      <div
        className="c-CardCellWrapper-gHjrDY card"
      >
        <div
          className="card-body"
        >
          <div
            className="row no-gutters"
          >
            <div
              className="c-CardCellTitle-epaoYL align-self-center col-md-12 col-auto"
            >
              component.accounts.AccountDetails.balance_profile.title
              <div
                className="c-TermHelper-gkIpUV"
                onClick={[Function]}
              >
                <img
                  className="c-TermInfoIcon-leEap"
                  onClick={[Function]}
                  src="/static/images/icon-info.svg"
                />
              </div>
            </div>
            <div
              className="c-CardCellText-eLcwWo ml-auto align-self-center col-md-12 col-auto"
            >
              <span
                onClick={[Function]}
              >
                <a
                  className="c-AccountLink-dbzzBd"
                  href="http://wallet/profile/megan.near"
                  rel="noopener"
                  target="_blank"
                >
                  utils.WalletLink
                </a>
              </span>
            </div>
          </div>
        </div>
      </div>
    </div>
  </div>
  <div
    className="border-0 row no-gutters"
  >
    <div
      className="col-md-4"
    >
      <div
        className="c-CardCellWrapper-gHjrDY c-ColoredCell-jlBwPJ border-0 card"
      >
        <div
          className="card-body"
        >
          <div
            className="row no-gutters"
          >
            <div
              className="c-CardCellTitle-epaoYL align-self-center col-md-12 col-auto"
            >
              component.accounts.AccountDetails.created_at.title
              <div
                className="c-TermHelper-gkIpUV"
                onClick={[Function]}
              >
                <img
                  className="c-TermInfoIcon-leEap"
                  onClick={[Function]}
                  src="/static/images/icon-info.svg"
                />
              </div>
            </div>
            <div
              className="c-CardCellText-eLcwWo ml-auto align-self-center col-md-12 col-auto"
            >
              Genesis
            </div>
          </div>
        </div>
      </div>
    </div>
  </div>
</div>
`;

exports[`<AccountDetails /> renders with account deletion at 1`] = `
<div
  className="c-AccountInfoContainer-iboFxe"
>
  <div
    className="row no-gutters"
  >
    <div
      className="col-md-4 col-12"
    >
      <div
        className="c-CardCellWrapper-gHjrDY border-0 card"
      >
        <div
          className="card-body"
        >
          <div
            className="row no-gutters"
          >
            <div
              className="c-CardCellTitle-epaoYL align-self-center col-md-12 col-auto"
            >
              <img
                className="c-CardCellTitleImage-dihKuo"
                src="/static/images/icon-m-transaction.svg"
              />
              component.accounts.AccountDetails.transactions.title
              <div
                className="c-TermHelper-gkIpUV"
                onClick={[Function]}
              >
                <img
                  className="c-TermInfoIcon-leEap"
                  onClick={[Function]}
                  src="/static/images/icon-info.svg"
                />
              </div>
            </div>
            <div
              className="c-CardCellText-eLcwWo ml-auto align-self-center col-md-12 col-auto"
            >
              <span>
                ↑
                <div
                  className="spinner-border text-secondary"
                />
              </span>
                
              <span>
                ↓
                <div
                  className="spinner-border text-secondary"
                />
              </span>
            </div>
          </div>
        </div>
      </div>
    </div>
    <div
      className="col-md-4 col-12"
    >
      <div
        className="c-CardCellWrapper-gHjrDY card"
      >
        <div
          className="card-body"
        >
          <div
            className="row no-gutters"
          >
            <div
              className="c-CardCellTitle-epaoYL align-self-center col-md-12 col-auto"
            >
              <img
                className="c-CardCellTitleImage-dihKuo"
                src="/static/images/icon-storage.svg"
              />
              component.accounts.AccountDetails.storage_usage.title
              <div
                className="c-TermHelper-gkIpUV"
                onClick={[Function]}
              >
                <img
                  className="c-TermInfoIcon-leEap"
                  onClick={[Function]}
                  src="/static/images/icon-info.svg"
                />
              </div>
            </div>
            <div
              className="c-CardCellText-eLcwWo ml-auto align-self-center col-md-12 col-auto"
            >
              <span
                onBlur={[Function]}
                onFocus={[Function]}
                onMouseOut={[Function]}
                onMouseOver={[Function]}
              >
                876 utils.StorageSize.bytes
              </span>
            </div>
          </div>
        </div>
      </div>
    </div>
    <div
      className="col-md-4 col-12"
    >
      <div
        className="c-CardCellWrapper-gHjrDY card"
      >
        <div
          className="card-body"
        >
          <div
            className="row no-gutters"
          >
            <div
              className="c-CardCellTitle-epaoYL align-self-center col-md-12 col-auto"
            >
              <img
                className="c-CardCellTitleImage-dihKuo"
                src="/static/images/icon-m-transaction.svg"
              />
              component.accounts.AccountDetails.lockup_account.title
              <div
                className="c-TermHelper-gkIpUV"
                onClick={[Function]}
              >
                <img
                  className="c-TermInfoIcon-leEap"
                  onClick={[Function]}
                  src="/static/images/icon-info.svg"
                />
              </div>
            </div>
            <div
              className="c-CardCellText-eLcwWo ml-auto align-self-center col-md-12 col-auto"
            >
              <span
                onClick={[Function]}
              >
                <a
                  className="c-AccountLinkWrapper-dbzzBd"
                  href="/accounts/gjturigjgkjnfidsjffjsa.lockup.near"
                  onClick={[Function]}
                  onMouseEnter={[Function]}
                >
                  gjtur…ockup.near
                </a>
              </span>
            </div>
          </div>
        </div>
      </div>
    </div>
  </div>
  <div
    className="row no-gutters"
  >
    <div
      className="col-md-4 col-12"
    >
      <div
        className="c-CardCellWrapper-gHjrDY border-0 card"
      >
        <div
          className="card-body"
        >
          <div
            className="row no-gutters"
          >
            <div
              className="c-CardCellTitle-epaoYL align-self-center col-md-12 col-auto"
            >
              component.accounts.AccountDetails.native_account_balance.title
              <div
                className="c-TermHelper-gkIpUV"
                onClick={[Function]}
              >
                <img
                  className="c-TermInfoIcon-leEap"
                  onClick={[Function]}
                  src="/static/images/icon-info.svg"
                />
              </div>
            </div>
            <div
              className="c-CardCellText-eLcwWo ml-auto align-self-center col-md-12 col-auto"
            >
              <span
                onBlur={[Function]}
                onFocus={[Function]}
                onMouseOut={[Function]}
                onMouseOver={[Function]}
              >
                0.00065
                 
                Ⓝ
              </span>
            </div>
          </div>
        </div>
      </div>
    </div>
    <div
      className="col-md-4"
    >
      <div
        className="c-CardCellWrapper-gHjrDY card"
      >
        <div
          className="card-body"
        >
          <div
            className="row no-gutters"
          >
            <div
              className="c-CardCellTitle-epaoYL align-self-center col-md-12 col-auto"
            >
              component.accounts.AccountDetails.validator_stake.title
              <div
                className="c-TermHelper-gkIpUV"
                onClick={[Function]}
              >
                <img
                  className="c-TermInfoIcon-leEap"
                  onClick={[Function]}
                  src="/static/images/icon-info.svg"
                />
              </div>
            </div>
            <div
              className="c-CardCellText-eLcwWo ml-auto align-self-center col-md-12 col-auto"
            >
              <span
                onBlur={[Function]}
                onFocus={[Function]}
                onMouseOut={[Function]}
                onMouseOver={[Function]}
              >
                0
                 
                Ⓝ
              </span>
            </div>
          </div>
        </div>
      </div>
    </div>
    <div
      className="col-md-4"
    >
      <div
        className="c-CardCellWrapper-gHjrDY card"
      >
        <div
          className="card-body"
        >
          <div
            className="row no-gutters"
          >
            <div
              className="c-CardCellTitle-epaoYL align-self-center col-md-12 col-auto"
            >
              component.accounts.AccountDetails.balance_profile.title
              <div
                className="c-TermHelper-gkIpUV"
                onClick={[Function]}
              >
                <img
                  className="c-TermInfoIcon-leEap"
                  onClick={[Function]}
                  src="/static/images/icon-info.svg"
                />
              </div>
            </div>
            <div
              className="c-CardCellText-eLcwWo ml-auto align-self-center col-md-12 col-auto"
            >
              <span
                onClick={[Function]}
              >
                <a
                  className="c-AccountLink-dbzzBd"
                  href="http://wallet/profile/megan.near"
                  rel="noopener"
                  target="_blank"
                >
                  utils.WalletLink
                </a>
              </span>
            </div>
          </div>
        </div>
      </div>
    </div>
  </div>
  <div
    className="border-0 row no-gutters"
  >
    <div
      className="col-md-4"
    >
      <div
        className="c-CardCellWrapper-gHjrDY c-ColoredCell-jlBwPJ border-0 card"
      >
        <div
          className="card-body"
        >
          <div
            className="row no-gutters"
          >
            <div
              className="c-CardCellTitle-epaoYL align-self-center col-md-12 col-auto"
            >
              component.accounts.AccountDetails.deleted_at.title
              <div
                className="c-TermHelper-gkIpUV"
                onClick={[Function]}
              >
                <img
                  className="c-TermInfoIcon-leEap"
                  onClick={[Function]}
                  src="/static/images/icon-info.svg"
                />
              </div>
            </div>
            <div
              className="c-CardCellText-eLcwWo ml-auto align-self-center col-md-12 col-auto"
            >
              co00on.6amt6_ti06.6amt6_ti06_for0amt
            </div>
          </div>
        </div>
      </div>
    </div>
    <div
      className="col-md-8"
    >
      <div
        className="c-CardCellWrapper-gHjrDY c-ColoredCell-jlBwPJ border-0 card"
      >
        <div
          className="card-body"
        >
          <div
            className="row no-gutters"
          >
            <div
              className="c-CardCellTitle-epaoYL align-self-center col-md-12 col-auto"
            >
              component.accounts.AccountDetails.deleted_by_transaction.title
              <div
                className="c-TermHelper-gkIpUV"
                onClick={[Function]}
              >
                <img
                  className="c-TermInfoIcon-leEap"
                  onClick={[Function]}
                  src="/static/images/icon-info.svg"
                />
              </div>
            </div>
            <div
              className="c-CardCellText-eLcwWo ml-auto align-self-center col-md-12 col-auto"
            >
              3RAqiv3SzjmtMT3ncqU96q1efRm67YT6gxtS7hhPvADp
              <span
                onClick={[Function]}
              >
                <a
                  href="/transactions/3RAqiv3SzjmtMT3ncqU96q1efRm67YT6gxtS7hhPvADp"
                  onClick={[Function]}
                  onMouseEnter={[Function]}
                >
                  <img
                    className="c-TransactionLinkIcon-fCEEVh"
                    src="/static/images/icon-m-copy.svg"
                  />
                </a>
              </span>
            </div>
          </div>
        </div>
      </div>
    </div>
  </div>
</div>
`;

exports[`<AccountDetails /> renders with lockup account 1`] = `
<div
  className="c-AccountInfoContainer-iboFxe"
>
  <div
    className="row no-gutters"
  >
    <div
      className="col-md-4 col-12"
    >
      <div
        className="c-CardCellWrapper-gHjrDY border-0 card"
      >
        <div
          className="card-body"
        >
          <div
            className="row no-gutters"
          >
            <div
              className="c-CardCellTitle-epaoYL align-self-center col-md-12 col-auto"
            >
              <img
                className="c-CardCellTitleImage-dihKuo"
                src="/static/images/icon-m-transaction.svg"
              />
              component.accounts.AccountDetails.transactions.title
              <div
                className="c-TermHelper-gkIpUV"
                onClick={[Function]}
              >
                <img
                  className="c-TermInfoIcon-leEap"
                  onClick={[Function]}
                  src="/static/images/icon-info.svg"
                />
              </div>
            </div>
            <div
              className="c-CardCellText-eLcwWo ml-auto align-self-center col-md-12 col-auto"
            >
              <span>
                ↑
                <div
                  className="spinner-border text-secondary"
                />
              </span>
                
              <span>
                ↓
                <div
                  className="spinner-border text-secondary"
                />
              </span>
            </div>
          </div>
        </div>
      </div>
    </div>
    <div
      className="col-md-4 col-12"
    >
      <div
        className="c-CardCellWrapper-gHjrDY card"
      >
        <div
          className="card-body"
        >
          <div
            className="row no-gutters"
          >
            <div
              className="c-CardCellTitle-epaoYL align-self-center col-md-12 col-auto"
            >
              <img
                className="c-CardCellTitleImage-dihKuo"
                src="/static/images/icon-storage.svg"
              />
              component.accounts.AccountDetails.storage_usage.title
              <div
                className="c-TermHelper-gkIpUV"
                onClick={[Function]}
              >
                <img
                  className="c-TermInfoIcon-leEap"
                  onClick={[Function]}
                  src="/static/images/icon-info.svg"
                />
              </div>
            </div>
            <div
              className="c-CardCellText-eLcwWo ml-auto align-self-center col-md-12 col-auto"
            >
              <span
                onBlur={[Function]}
                onFocus={[Function]}
                onMouseOut={[Function]}
                onMouseOver={[Function]}
              >
                876 utils.StorageSize.bytes
              </span>
            </div>
          </div>
        </div>
      </div>
    </div>
    <div
      className="col-md-4 col-12"
    >
      <div
        className="c-CardCellWrapper-gHjrDY card"
      >
        <div
          className="card-body"
        >
          <div
            className="row no-gutters"
          >
            <div
              className="c-CardCellTitle-epaoYL align-self-center col-md-12 col-auto"
            >
              <img
                className="c-CardCellTitleImage-dihKuo"
                src="/static/images/icon-m-transaction.svg"
              />
              component.accounts.AccountDetails.lockup_account.title
              <div
                className="c-TermHelper-gkIpUV"
                onClick={[Function]}
              >
                <img
                  className="c-TermInfoIcon-leEap"
                  onClick={[Function]}
                  src="/static/images/icon-info.svg"
                />
              </div>
            </div>
            <div
              className="c-CardCellText-eLcwWo ml-auto align-self-center col-md-12 col-auto"
            >
              <span
                onClick={[Function]}
              >
                <a
                  className="c-AccountLinkWrapper-dbzzBd"
                  href="/accounts/gjturigjgkjnfidsjffjsa.lockup.near"
                  onClick={[Function]}
                  onMouseEnter={[Function]}
                >
                  gjtur…ockup.near
                </a>
              </span>
            </div>
          </div>
        </div>
      </div>
    </div>
  </div>
  <div
    className="row no-gutters"
  >
    <div
      className="col-md-4 col-12"
    >
      <div
        className="c-CardCellWrapper-gHjrDY border-0 card"
      >
        <div
          className="card-body"
        >
          <div
            className="row no-gutters"
          >
            <div
              className="c-CardCellTitle-epaoYL align-self-center col-md-12 col-auto"
            >
              component.accounts.AccountDetails.native_account_balance.title
              <div
                className="c-TermHelper-gkIpUV"
                onClick={[Function]}
              >
                <img
                  className="c-TermInfoIcon-leEap"
                  onClick={[Function]}
                  src="/static/images/icon-info.svg"
                />
              </div>
            </div>
            <div
              className="c-CardCellText-eLcwWo ml-auto align-self-center col-md-12 col-auto"
            >
              <span
                onBlur={[Function]}
                onFocus={[Function]}
                onMouseOut={[Function]}
                onMouseOver={[Function]}
              >
                0.00065
                 
                Ⓝ
              </span>
            </div>
          </div>
        </div>
      </div>
    </div>
    <div
      className="col-md-4"
    >
      <div
        className="c-CardCellWrapper-gHjrDY card"
      >
        <div
          className="card-body"
        >
          <div
            className="row no-gutters"
          >
            <div
              className="c-CardCellTitle-epaoYL align-self-center col-md-12 col-auto"
            >
              component.accounts.AccountDetails.validator_stake.title
              <div
                className="c-TermHelper-gkIpUV"
                onClick={[Function]}
              >
                <img
                  className="c-TermInfoIcon-leEap"
                  onClick={[Function]}
                  src="/static/images/icon-info.svg"
                />
              </div>
            </div>
            <div
              className="c-CardCellText-eLcwWo ml-auto align-self-center col-md-12 col-auto"
            >
              <span
                onBlur={[Function]}
                onFocus={[Function]}
                onMouseOut={[Function]}
                onMouseOver={[Function]}
              >
                0
                 
                Ⓝ
              </span>
            </div>
          </div>
        </div>
      </div>
    </div>
    <div
      className="col-md-4"
    >
      <div
        className="c-CardCellWrapper-gHjrDY card"
      >
        <div
          className="card-body"
        >
          <div
            className="row no-gutters"
          >
            <div
              className="c-CardCellTitle-epaoYL align-self-center col-md-12 col-auto"
            >
              component.accounts.AccountDetails.balance_profile.title
              <div
                className="c-TermHelper-gkIpUV"
                onClick={[Function]}
              >
                <img
                  className="c-TermInfoIcon-leEap"
                  onClick={[Function]}
                  src="/static/images/icon-info.svg"
                />
              </div>
            </div>
            <div
              className="c-CardCellText-eLcwWo ml-auto align-self-center col-md-12 col-auto"
            >
              <span
                onClick={[Function]}
              >
                <a
                  className="c-AccountLink-dbzzBd"
                  href="http://wallet/profile/megan.near"
                  rel="noopener"
                  target="_blank"
                >
                  utils.WalletLink
                </a>
              </span>
            </div>
          </div>
        </div>
      </div>
    </div>
  </div>
  <div
    className="border-0 row no-gutters"
  >
    <div
      className="col-md-4"
    >
      <div
        className="c-CardCellWrapper-gHjrDY c-ColoredCell-jlBwPJ border-0 card"
      >
        <div
          className="card-body"
        >
          <div
            className="row no-gutters"
          >
            <div
              className="c-CardCellTitle-epaoYL align-self-center col-md-12 col-auto"
            >
              component.accounts.AccountDetails.created_at.title
              <div
                className="c-TermHelper-gkIpUV"
                onClick={[Function]}
              >
                <img
                  className="c-TermInfoIcon-leEap"
                  onClick={[Function]}
                  src="/static/images/icon-info.svg"
                />
              </div>
            </div>
            <div
              className="c-CardCellText-eLcwWo ml-auto align-self-center col-md-12 col-auto"
            >
              co00on.5amt5_ti05.5amt5_ti05_for0amt
            </div>
          </div>
        </div>
      </div>
    </div>
    <div
      className="col-md-8"
    >
      <div
        className="c-CardCellWrapper-gHjrDY c-ColoredCell-jlBwPJ border-0 card"
      >
        <div
          className="card-body"
        >
          <div
            className="row no-gutters"
          >
            <div
              className="c-CardCellTitle-epaoYL align-self-center col-md-12 col-auto"
            >
              component.accounts.AccountDetails.created_by_transaction.title
              <div
                className="c-TermHelper-gkIpUV"
                onClick={[Function]}
              >
                <img
                  className="c-TermInfoIcon-leEap"
                  onClick={[Function]}
                  src="/static/images/icon-info.svg"
                />
              </div>
            </div>
            <div
              className="c-CardCellText-eLcwWo ml-auto align-self-center col-md-12 col-auto"
            >
              EVvWW1S9BFaEjY1JBNSdstb7ZTtTFjQ6cygkbw1KY4tL
              <span
                onClick={[Function]}
              >
                <a
                  href="/transactions/EVvWW1S9BFaEjY1JBNSdstb7ZTtTFjQ6cygkbw1KY4tL"
                  onClick={[Function]}
                  onMouseEnter={[Function]}
                >
                  <img
                    className="c-TransactionLinkIcon-fCEEVh"
                    src="/static/images/icon-m-copy.svg"
                  />
                </a>
              </span>
            </div>
          </div>
        </div>
      </div>
    </div>
  </div>
</div>
`;

exports[`<AccountDetails /> renders without lockup account 1`] = `
<div
  className="c-AccountInfoContainer-iboFxe"
>
  <div
    className="row no-gutters"
  >
    <div
      className="col-md-4 col-12"
    >
      <div
        className="c-CardCellWrapper-gHjrDY border-0 card"
      >
        <div
          className="card-body"
        >
          <div
            className="row no-gutters"
          >
            <div
              className="c-CardCellTitle-epaoYL align-self-center col-md-12 col-auto"
            >
              <img
                className="c-CardCellTitleImage-dihKuo"
                src="/static/images/icon-m-transaction.svg"
              />
              component.accounts.AccountDetails.transactions.title
              <div
                className="c-TermHelper-gkIpUV"
                onClick={[Function]}
              >
                <img
                  className="c-TermInfoIcon-leEap"
                  onClick={[Function]}
                  src="/static/images/icon-info.svg"
                />
              </div>
            </div>
            <div
              className="c-CardCellText-eLcwWo ml-auto align-self-center col-md-12 col-auto"
            >
              <span>
                ↑
                <div
                  className="spinner-border text-secondary"
                />
              </span>
                
              <span>
                ↓
                <div
                  className="spinner-border text-secondary"
                />
              </span>
            </div>
          </div>
        </div>
      </div>
    </div>
    <div
      className="col-md-8 col-12"
    >
      <div
        className="c-CardCellWrapper-gHjrDY card"
      >
        <div
          className="card-body"
        >
          <div
            className="row no-gutters"
          >
            <div
              className="c-CardCellTitle-epaoYL align-self-center col-md-12 col-auto"
            >
              <img
                className="c-CardCellTitleImage-dihKuo"
                src="/static/images/icon-storage.svg"
              />
              component.accounts.AccountDetails.storage_usage.title
              <div
                className="c-TermHelper-gkIpUV"
                onClick={[Function]}
              >
                <img
                  className="c-TermInfoIcon-leEap"
                  onClick={[Function]}
                  src="/static/images/icon-info.svg"
                />
              </div>
            </div>
            <div
              className="c-CardCellText-eLcwWo ml-auto align-self-center col-md-12 col-auto"
            >
              <span
                onBlur={[Function]}
                onFocus={[Function]}
                onMouseOut={[Function]}
                onMouseOver={[Function]}
              >
                2 utils.StorageSize.kilo_bytes
              </span>
            </div>
          </div>
        </div>
      </div>
    </div>
  </div>
  <div
    className="row no-gutters"
  >
    <div
      className="col-md-4 col-12"
    >
      <div
        className="c-CardCellWrapper-gHjrDY border-0 card"
      >
        <div
          className="card-body"
        >
          <div
            className="row no-gutters"
          >
            <div
              className="c-CardCellTitle-epaoYL align-self-center col-md-12 col-auto"
            >
              component.accounts.AccountDetails.native_account_balance.title
              <div
                className="c-TermHelper-gkIpUV"
                onClick={[Function]}
              >
                <img
                  className="c-TermInfoIcon-leEap"
                  onClick={[Function]}
                  src="/static/images/icon-info.svg"
                />
              </div>
            </div>
            <div
              className="c-CardCellText-eLcwWo ml-auto align-self-center col-md-12 col-auto"
            >
              <span
                onBlur={[Function]}
                onFocus={[Function]}
                onMouseOut={[Function]}
                onMouseOver={[Function]}
              >
                &lt;0.00001
                 
                Ⓝ
              </span>
            </div>
          </div>
        </div>
      </div>
    </div>
    <div
      className="col-md-4"
    >
      <div
        className="c-CardCellWrapper-gHjrDY card"
      >
        <div
          className="card-body"
        >
          <div
            className="row no-gutters"
          >
            <div
              className="c-CardCellTitle-epaoYL align-self-center col-md-12 col-auto"
            >
              component.accounts.AccountDetails.validator_stake.title
              <div
                className="c-TermHelper-gkIpUV"
                onClick={[Function]}
              >
                <img
                  className="c-TermInfoIcon-leEap"
                  onClick={[Function]}
                  src="/static/images/icon-info.svg"
                />
              </div>
            </div>
            <div
              className="c-CardCellText-eLcwWo ml-auto align-self-center col-md-12 col-auto"
            >
              <span
                onBlur={[Function]}
                onFocus={[Function]}
                onMouseOut={[Function]}
                onMouseOver={[Function]}
              >
                0
                 
                Ⓝ
              </span>
            </div>
          </div>
        </div>
      </div>
    </div>
    <div
      className="col-md-4"
    >
      <div
        className="c-CardCellWrapper-gHjrDY card"
      >
        <div
          className="card-body"
        >
          <div
            className="row no-gutters"
          >
            <div
              className="c-CardCellTitle-epaoYL align-self-center col-md-12 col-auto"
            >
              component.accounts.AccountDetails.balance_profile.title
              <div
                className="c-TermHelper-gkIpUV"
                onClick={[Function]}
              >
                <img
                  className="c-TermInfoIcon-leEap"
                  onClick={[Function]}
                  src="/static/images/icon-info.svg"
                />
              </div>
            </div>
            <div
              className="c-CardCellText-eLcwWo ml-auto align-self-center col-md-12 col-auto"
            >
              <span
                onClick={[Function]}
              >
                <a
                  className="c-AccountLink-dbzzBd"
                  href="http://wallet/profile/near.near"
                  rel="noopener"
                  target="_blank"
                >
                  utils.WalletLink
                </a>
              </span>
            </div>
          </div>
        </div>
      </div>
    </div>
  </div>
  <div
    className="border-0 row no-gutters"
  >
    <div
      className="col-md-4"
    >
      <div
        className="c-CardCellWrapper-gHjrDY c-ColoredCell-jlBwPJ border-0 card"
      >
        <div
          className="card-body"
        >
          <div
            className="row no-gutters"
          >
            <div
              className="c-CardCellTitle-epaoYL align-self-center col-md-12 col-auto"
            >
              component.accounts.AccountDetails.created_at.title
              <div
                className="c-TermHelper-gkIpUV"
                onClick={[Function]}
              >
                <img
                  className="c-TermInfoIcon-leEap"
                  onClick={[Function]}
                  src="/static/images/icon-info.svg"
                />
              </div>
            </div>
            <div
              className="c-CardCellText-eLcwWo ml-auto align-self-center col-md-12 col-auto"
            >
              co00on.5amt5_ti05.5amt5_ti05_for0amt
            </div>
          </div>
        </div>
      </div>
    </div>
    <div
      className="col-md-8"
    >
      <div
        className="c-CardCellWrapper-gHjrDY c-ColoredCell-jlBwPJ border-0 card"
      >
        <div
          className="card-body"
        >
          <div
            className="row no-gutters"
          >
            <div
              className="c-CardCellTitle-epaoYL align-self-center col-md-12 col-auto"
            >
              component.accounts.AccountDetails.created_by_transaction.title
              <div
                className="c-TermHelper-gkIpUV"
                onClick={[Function]}
              >
                <img
                  className="c-TermInfoIcon-leEap"
                  onClick={[Function]}
                  src="/static/images/icon-info.svg"
                />
              </div>
            </div>
            <div
              className="c-CardCellText-eLcwWo ml-auto align-self-center col-md-12 col-auto"
            >
              EVvWW1S9BFlkjkmnjmkb7ZTtTFjQ6cygkbw1KY4tL
              <span
                onClick={[Function]}
              >
                <a
                  href="/transactions/EVvWW1S9BFlkjkmnjmkb7ZTtTFjQ6cygkbw1KY4tL"
                  onClick={[Function]}
                  onMouseEnter={[Function]}
                >
                  <img
                    className="c-TransactionLinkIcon-fCEEVh"
                    src="/static/images/icon-m-copy.svg"
                  />
                </a>
              </span>
            </div>
          </div>
        </div>
      </div>
    </div>
  </div>
</div>
`;
