// Jest Snapshot v1, https://goo.gl/fbAQLP

exports[`<BlocksRow /> renders 1`] = `
<span
  onClick={[Function]}
>
  <a
    href="/blocks/EVvWW1S9BFaEjY1JBNSdstb7ZTtTFjQ6cygkbw1KY4tL"
    onClick={[Function]}
    onMouseEnter={[Function]}
    style={
      Object {
        "textDecoration": "none",
      }
    }
  >
    <div
      className="transaction-row mx-0  row"
    >
      <div
        className="pr-0 col-md-auto col-1"
      >
        <img
          src="/static/images/icon-m-block.svg"
        />
      </div>
      <div
        className="pr-0 col-md-auto col-1"
      >
        <img
          src="/static/images/icon-m-block.svg"
          style={
            Object {
              "width": "20px",
            }
          }
        />
      </div>
      <div
        className="col-md-7 col-6"
      >
        <div
          className="row"
        >
          <div
            className="transaction-row-title col"
          >
            #
            12345
          </div>
        </div>
        <div
          className="row"
        >
          <div
            className="transaction-row-text col"
          >
            <div
              className="row"
            >
              <div
                className="col-md-auto"
              >
                <img
                  src="/static/images/icon-m-transaction.svg"
                  style={
                    Object {
                      "width": "12px",
                    }
                  }
                />
                 3
              </div>
            </div>
          </div>
        </div>
      </div>
      <div
        className="ml-auto text-right col-md-3 col-4"
      >
        <div
          className="row"
        >
          <div
            className="transaction-row-txid col"
          >
            EVvWW1S...
          </div>
        </div>
        <div
          className="row"
        >
          <div
            className="transaction-row-timer col"
          >
            <span
              className="transaction-row-timer-status"
            >
              common.blocks.status.checking_finality
            </span>
              
            <span>
              1s ago
            </span>
          </div>
        </div>
      </div>
      <style
        global={true}
        jsx={true}
      >
        
                .transaction-row {
                  padding-top: 10px;
                  padding-bottom: 10px;
                  border-top: solid 2px #f8f8f8;
                }

                .transaction-row:hover {
                  background: rgba(0, 0, 0, 0.1);
                }

                .transaction-row-title {
                  font-size: 14px;
                  font-weight: 500;
                  line-height: 1.29;
                  color: #24272a;
                }

                .transaction-row-text {
                  font-size: 12px;
                  font-weight: 500;
                  line-height: 1.5;
                  color: #999999;
                }

                .transaction-row-txid {
                  font-size: 14px;
                  font-weight: 500;
                  line-height: 1.29;
                  color: #0072ce;
                }

                .transaction-row-timer {
                  font-size: 12px;
                  color: #999999;
                  font-weight: 100;
                }

                .transaction-row-timer-status {
                  font-weight: 500;
                }
              
      </style>
    </div>
  </a>
</span>
`;
