// Jest Snapshot v1, https://goo.gl/fbAQLP

exports[`<BlockDetails /> renders 1`] = `
<div
  className="col-xl-6 col-12"
>
  <a
    className="jsx-3565829549 dashboard-blocks-block-link"
    href="/blocks/EVvWW1S9BFaEjY1JBNSdstb7ZTtTFjQ6cygkbw1KY4tL"
    onClick={[Function]}
    onMouseEnter={[Function]}
  >
    <div
      className="dashboard-blocks-block card"
      style={
        Object {
          "background": "#fff",
        }
      }
    >
      <div
        className="dashboard-blocks-block-title card-title h5"
      >
        #
        12345
      </div>
      <div
        className="dashboard-blocks-block-content card-body"
      >
        <p
          className="jsx-3565829549 dashboard-blocks-block-content-p"
        >
          <img
            className="jsx-3565829549"
            src="/static/images/icon-m-transaction.svg"
          />
          3
        </p>
        <div
          className="dashboard-blocks-block-footer row no-gutters"
        >
          <div
            className="col-md-7 col-7"
          >
            <span
              className="jsx-3565829549 dashboard-blocks-block-content-p-footer"
            >
              EVvWW1
              ...
            </span>
          </div>
          <div
            className="align-self-center text-right col-md-5 col-5"
          >
            <span
              className="jsx-3565829549 dashboard-blocks-block-timer"
            >
              <span>
                1s ago
              </span>
            </span>
          </div>
        </div>
      </div>
    </div>
  </a>
</div>
`;
