// Jest Snapshot v1, https://goo.gl/fbAQLP

exports[`<BlockDetails /> renders 1`] = `
<div
  className="col-xl-6 col-12"
>
  <a
    className="jsx-2475050439 dashboard-blocks-block-link"
    href="/blocks/EVvWW1S9BFaEjY1JBNSdstb7ZTtTFjQ6cygkbw1KY4tL"
    onClick={[Function]}
    onMouseEnter={[Function]}
  >
    <div
      className="dashboard-blocks-block card"
      style={
        Object {
          "background": "#f8f7f8",
        }
      }
    >
      <div
        className="dashboard-blocks-block-title card-title h5"
      >
        #
        12345
      </div>
      <div
        className="dashboard-blocks-block-content card-body"
      >
        <div
          className="jsx-2475050439"
          style={
            Object {
              "height": "22px",
              "width": "100%",
            }
          }
        >
           
        </div>
        <div
          className="dashboard-blocks-block-footer non-finality-back row no-gutters"
        >
          <span
            className="jsx-2475050439 non-finality-color dashboard-blocks-block-content-p-footer "
          >
            Finalizing...
          </span>
        </div>
      </div>
    </div>
  </a>
</div>
`;
