// Jest Snapshot v1, https://goo.gl/fbAQLP

exports[`<NodeRow /> renders 1`] = `
Array [
  <link
    href="https://fonts.googleapis.com/css2?family=Roboto+Mono:wght@500&display=swap"
    rel="stylesheet"
  />,
  <tr
    className="c-TableRowWrapper-jUPfkR online-nodes-row"
  >
    <td
      className="c-IconCell-cRLkIl"
      onClick={[Function]}
    >
      <img
        className="c-IconCellIcon-hLqfLK"
        src="/static/images/icon-maximize.svg"
      />
    </td>
    <td
      className="c-OrderTableCell-clytRC c-LocalOrderTableCell-cRLkIl"
    >
      1
    </td>
    <td>
      <div
        className="align-items-center row no-gutters"
      >
        <div
          className="c-OnlineNodeLabel-gckMHR col-2"
        >
          <span
            className="c-ValidatingLabelWrapper-eennLm c-ValidatingLabelWrapper-eennLm-fFWhBO-type-active badge"
            onBlur={[Function]}
            onFocus={[Function]}
            onMouseOut={[Function]}
            onMouseOver={[Function]}
          >
            component.nodes.NodeRow.online.title
          </span>
        </div>
        <div
          className="col-10"
        >
          <div
            className="row no-gutters"
          >
            <div
              className="c-OnlineNodesText-hdougQ col"
              title="@alice"
            >
              alice
              ...
            </div>
          </div>
          <div
            className="row"
          >
            <div
              className="c-NodeStatus-iFoHIS col"
            >
              
            </div>
          </div>
          <div
            className="row no-gutters"
          >
            <div
              className="c-OnlineNodesText-hdougQ col"
              title="ed25519:fhgjrkfhurjtieokwpitjesdlkfjngdmloytiutkjhgkf"
            >
              <span
                onClick={[Function]}
              >
                <a
                  href="/transactions/ed25519:fhgjrkfhurjtieokwpitjesdlkfjngdmloytiutkjhgkf"
                  onClick={[Function]}
                  onMouseEnter={[Function]}
                >
                  ed25519...
                </a>
              </span>
            </div>
          </div>
        </div>
      </div>
    </td>
  </tr>,
]
`;
