// Jest Snapshot v1, https://goo.gl/fbAQLP

exports[`<NodesEpoch /> renders 1`] = `
<div
  className="c-NodesEpochRow-chraMR row"
>
  <div
    className="c-NodesEpochContent-gJeMwJ col-12"
  >
    <div
      className="row no-gutters"
    >
      <div
        className="col-7"
      >
        <div
          className="d-none d-md-flex row"
        >
          <div
            className="col"
          >
            component.nodes.NodesEpoch.current_epoch_start: 
            <span
              className="c-TextValue-ffEWEF"
            >
              component.nodes.NodesEpoch.block #
              36647454
            </span>
          </div>
        </div>
        <div
          className="d-xs-flex d-md-none row"
        >
          <div
            className="col-12"
          >
            component.nodes.NodesEpoch.current_epoch_start
          </div>
          <div
            className="col-12"
          >
            <span
              className="c-TextValue-ffEWEF"
            >
              component.nodes.NodesEpoch.block #
              36647454
            </span>
          </div>
        </div>
      </div>
      <div
        className="text-right d-none d-md-block  col-sm-5"
      >
        <span
          className="c-TextValue-ffEWEF c-TextValueRemainedPercent-ePtfAL"
        >
          50
          % component.nodes.NodesEpoch.complete
        </span>
         (06:00:00 component.nodes.NodesEpoch.remaining)
      </div>
      <div
        className="text-right d-xs-block d-md-none col-5"
      >
        <div
          className="c-ProgressBarWrapper-zRPCk c-NodesEpochCircleProgress-bJMbhR progress-bar"
        >
          <svg
            className="rc-progress-circle c-ProgressBarElement-kDmFHT"
            style={Object {}}
            viewBox="0 0 100 100"
          >
            <path
              className="rc-progress-circle-trail"
              d="M 50,50 m 0,-48
   a 48,48 0 1 1 0,96
   a 48,48 0 1 1 0,-96"
              fillOpacity="0"
              stroke="transparent"
              strokeLinecap="square"
              strokeWidth={1}
              style={
                Object {
                  "stroke": "transparent",
                  "strokeDasharray": "301.59289474462014px 301.59289474462014px",
                  "strokeDashoffset": "-0px",
                  "transition": "stroke-dashoffset .3s ease 0s, stroke-dasharray .3s ease 0s, stroke .3s, stroke-width .06s ease .3s, opacity .3s ease 0s",
                }
              }
            />
            <path
              className="rc-progress-circle-path"
              d="M 50,50 m 0,-48
   a 48,48 0 1 1 0,96
   a 48,48 0 1 1 0,-96"
              fillOpacity="0"
              opacity={1}
              stroke=""
              strokeLinecap="square"
              strokeWidth={4}
              style={
                Object {
                  "stroke": "#37dbf4",
                  "strokeDasharray": "150.79644737231007px 301.59289474462014px",
                  "strokeDashoffset": "-0px",
                  "transition": "stroke-dashoffset .3s ease 0s, stroke-dasharray .3s ease 0s, stroke .3s, stroke-width .06s ease .3s, opacity .3s ease 0s",
                }
              }
            />
          </svg>
          <div
            className="c-ProgressBarLabel-kVSbvZ"
          >
            <span
              className="c-NodesEpochCircleProgressLabel-czLgwc"
            >
              50
              %
            </span>
          </div>
        </div>
      </div>
    </div>
  </div>
  <div
    className="d-none d-md-block px-0 col-12"
  >
    <div
      className="c-ProgressBarWrapper-zRPCk c-NodesEpochLineProgress-qhFsX progress-bar"
    >
      <svg
        className="rc-progress-line c-ProgressBarElement-kDmFHT"
        preserveAspectRatio="none"
        style={Object {}}
        viewBox="0 0 100 1"
      >
        <path
          className="rc-progress-line-trail"
          d="M 0,0.5
         L 100,0.5"
          fillOpacity="0"
          stroke="transparent"
          strokeLinecap="square"
          strokeWidth={1}
        />
        <path
          className="rc-progress-line-path"
          d="M 0,0.5
         L 100,0.5"
          fillOpacity="0"
          stroke="#37dbf4"
          strokeLinecap="square"
          strokeWidth={1}
          style={
            Object {
              "strokeDasharray": "49.75px, 100px",
              "strokeDashoffset": "-0px",
              "transition": "stroke-dashoffset 0.3s ease 0s, stroke-dasharray .3s ease 0s, stroke 0.3s linear",
            }
          }
        />
      </svg>
    </div>
  </div>
</div>
`;
