// Jest Snapshot v1, https://goo.gl/fbAQLP

exports[`<ValidatorsList /> renders validators list 1`] = `
Array [
  <tr
    className="c-TableRowWrapper-jUPfkR mx-0"
  >
    <td
      className="c-CollapseRowArrow-gsmDXe"
      onClick={[Function]}
    >
      <img
        className="c-IconCellIcon-hLqfLK"
        src="/static/images/icon-maximize.svg"
      />
    </td>
    <td
      className="c-OrderTableCell-clytRC"
    >
      25
    </td>
    <td>
      <div
        className="c-DefaultCountryFlag-jvvTEe"
      >
        ?
      </div>
    </td>
    <td>
      <div
        className="align-items-center row no-gutters"
      >
        <div
          className="c-ValidatorsNodeLabel-klLQiF col"
        >
          <span
            className="c-ValidatingLabelWrapper-eennLm c-ValidatingLabelWrapper-eennLm-fFWhBO-type-active badge"
            onBlur={[Function]}
            onFocus={[Function]}
            onMouseOut={[Function]}
            onMouseOver={[Function]}
          >
            component.nodes.ValidatorMainRow.state.active.title
          </span>
        </div>
        <div
          className="c-ValidatorName-eCGYsD col"
        >
          <div
            className="row no-gutters"
          >
            <div
              className="c-ValidatorNodesText-hdougQ c-ValidatorNameText-iLHpdH col"
              title="@staked.poolv1.near"
            >
              staked.poolv1.near
            </div>
          </div>
          <div
            className="row no-gutters"
          >
            <div
              className="c-ValidatorNodesText-hdougQ c-ValidatorNameText-iLHpdH c-PublicKey-bESuNr col"
              title="ed25519:3JBVXqenru2ErAM1kHQ8qfd29dCkURLd6JKrFgtmcDTZ"
            >
              ed25519:3JBVXqenru2ErAM1kHQ8qfd29dCkURLd6JKrFgtmcDTZ
            </div>
          </div>
        </div>
      </div>
    </td>
    <td>
      10%
    </td>
    <td>
      874
    </td>
    <td
      className="c-ValidatorNodesText-hdougQ c-StakeText-ePtfAL text-right"
    >
      <span
        onBlur={[Function]}
        onFocus={[Function]}
        onMouseOut={[Function]}
        onMouseOver={[Function]}
      >
        42,476,926
         
        NEAR
      </span>
      <br />
      <small>
        +
        <span
          onBlur={[Function]}
          onFocus={[Function]}
          onMouseOut={[Function]}
          onMouseOver={[Function]}
        >
          108,628
           
          NEAR
        </span>
      </small>
    </td>
    <td>
      <div
        className="c-Wrapper-lnRZjv"
      >
        <div
          className="c-Value-cNxEVv c-Value-cNxEVv-bVUCHg-type-total"
          style={
            Object {
              "width": "0%",
            }
          }
        />
        <div
          className="c-Value-cNxEVv c-Value-cNxEVv-NcDqG-type-current"
          style={
            Object {
              "width": "50.14%",
            }
          }
        />
        <div
          className="c-CumulativeStakeLabel-gEhNqg"
        >
          50.14%
        </div>
      </div>
    </td>
  </tr>,
  <tr
    className="c-CumulativeStakeholdersRow-fSXZiO"
  >
    <td
      className="c-WarningText-fJprnn text-center"
      colSpan={8}
    >
      component.nodes.ValidatorRow.warning_tip
    </td>
  </tr>,
  <tr
    className="c-TableRowWrapper-jUPfkR mx-0"
  >
    <td
      className="c-CollapseRowArrow-gsmDXe"
      onClick={[Function]}
    >
      <img
        className="c-IconCellIcon-hLqfLK"
        src="/static/images/icon-maximize.svg"
      />
    </td>
    <td
      className="c-OrderTableCell-clytRC"
    >
      26
    </td>
    <td>
      <div
        className="c-DefaultCountryFlag-jvvTEe"
      >
        ?
      </div>
    </td>
    <td>
      <div
        className="align-items-center row no-gutters"
      >
        <div
          className="c-ValidatorsNodeLabel-klLQiF col"
        >
          <span
            className="c-ValidatingLabelWrapper-eennLm c-ValidatingLabelWrapper-eennLm-fFWhBO-type-active badge"
            onBlur={[Function]}
            onFocus={[Function]}
            onMouseOut={[Function]}
            onMouseOver={[Function]}
          >
            component.nodes.ValidatorMainRow.state.active.title
          </span>
        </div>
        <div
          className="c-ValidatorName-eCGYsD col"
        >
          <div
            className="row no-gutters"
          >
            <div
              className="c-ValidatorNodesText-hdougQ c-ValidatorNameText-iLHpdH col"
              title="@bisontrails.poolv1.near"
            >
              bisontrails.poolv1.near
            </div>
          </div>
          <div
            className="row no-gutters"
          >
            <div
              className="c-ValidatorNodesText-hdougQ c-ValidatorNameText-iLHpdH c-PublicKey-bESuNr col"
              title="ed25519:Emk6wQJtpQZRJCvvPmmwP9GD2Pk37xxRpmb5uRvJpX62"
            >
              ed25519:Emk6wQJtpQZRJCvvPmmwP9GD2Pk37xxRpmb5uRvJpX62
            </div>
          </div>
        </div>
      </div>
    </td>
    <td>
      10%
    </td>
    <td>
      436
    </td>
    <td
      className="c-ValidatorNodesText-hdougQ c-StakeText-ePtfAL text-right"
    >
      <span
        onBlur={[Function]}
        onFocus={[Function]}
        onMouseOut={[Function]}
        onMouseOver={[Function]}
      >
        20,814,924
         
        NEAR
      </span>
      <br />
      <small>
        +
        <span
          onBlur={[Function]}
          onFocus={[Function]}
          onMouseOut={[Function]}
          onMouseOver={[Function]}
        >
          1,545
           
          NEAR
        </span>
      </small>
    </td>
    <td>
      <div
        className="c-Wrapper-lnRZjv"
      >
        <div
          className="c-Value-cNxEVv c-Value-cNxEVv-bVUCHg-type-total"
          style={
            Object {
              "width": "50.15%",
            }
          }
        />
        <div
          className="c-Value-cNxEVv c-Value-cNxEVv-NcDqG-type-current"
          style={
            Object {
              "width": "24.57%",
            }
          }
        />
        <div
          className="c-CumulativeStakeLabel-gEhNqg"
        >
          74.72%
        </div>
      </div>
    </td>
  </tr>,
  <tr
    className="c-TableRowWrapper-jUPfkR mx-0"
  >
    <td
      className="c-CollapseRowArrow-gsmDXe"
      onClick={[Function]}
    >
      <img
        className="c-IconCellIcon-hLqfLK"
        src="/static/images/icon-maximize.svg"
      />
    </td>
    <td
      className="c-OrderTableCell-clytRC"
    >
      27
    </td>
    <td>
      <img
        className="c-CountryFlagWrapper-fuqtaQ"
        id="country_flag_astro-stakers.poolv1.near"
        onBlur={[Function]}
        onFocus={[Function]}
        onMouseOut={[Function]}
        onMouseOver={[Function]}
        src="https://cdnjs.cloudflare.com/ajax/libs/flag-icon-css/4.1.4/flags/4x3/aq.svg"
        style={
          Object {
            "display": "inline-block",
            "height": "1em",
            "verticalAlign": "middle",
            "width": "1em",
          }
        }
      />
    </td>
    <td>
      <div
        className="align-items-center row no-gutters"
      >
        <div
          className="c-ValidatorsNodeLabel-klLQiF col"
        >
          <span
            className="c-ValidatingLabelWrapper-eennLm c-ValidatingLabelWrapper-eennLm-fFWhBO-type-active badge"
            onBlur={[Function]}
            onFocus={[Function]}
            onMouseOut={[Function]}
            onMouseOver={[Function]}
          >
            component.nodes.ValidatorMainRow.state.active.title
          </span>
        </div>
        <div
          className="c-ValidatorName-eCGYsD col"
        >
          <div
            className="row no-gutters"
          >
            <div
              className="c-ValidatorNodesText-hdougQ c-ValidatorNameText-iLHpdH col"
              title="@astro-stakers.poolv1.near"
            >
              astro-stakers.poolv1.near
            </div>
          </div>
          <div
            className="row no-gutters"
          >
            <div
              className="c-ValidatorNodesText-hdougQ c-ValidatorNameText-iLHpdH c-PublicKey-bESuNr col"
              title="ed25519:2nPSBCzjqikgwrqUMcuEVReJhmkC91eqJGPGqH9sZc28"
            >
              ed25519:2nPSBCzjqikgwrqUMcuEVReJhmkC91eqJGPGqH9sZc28
            </div>
          </div>
        </div>
      </div>
    </td>
    <td>
      1%
    </td>
    <td>
      1774
    </td>
    <td
      className="c-ValidatorNodesText-hdougQ c-StakeText-ePtfAL text-right"
    >
      <span
        onBlur={[Function]}
        onFocus={[Function]}
        onMouseOut={[Function]}
        onMouseOver={[Function]}
      >
        17,776,328
         
        NEAR
      </span>
      <br />
      <small>
        +
        <span
          onBlur={[Function]}
          onFocus={[Function]}
          onMouseOut={[Function]}
          onMouseOver={[Function]}
        >
          712
           
          NEAR
        </span>
      </small>
    </td>
    <td>
      <div
        className="c-Wrapper-lnRZjv"
      >
        <div
          className="c-Value-cNxEVv c-Value-cNxEVv-bVUCHg-type-total"
          style={
            Object {
              "width": "74.72999999999999%",
            }
          }
        />
        <div
          className="c-Value-cNxEVv c-Value-cNxEVv-NcDqG-type-current"
          style={
            Object {
              "width": "20.980000000000004%",
            }
          }
        />
        <div
          className="c-CumulativeStakeLabel-gEhNqg"
        >
          95.71%
        </div>
      </div>
    </td>
  </tr>,
  <tr
    className="c-TableRowWrapper-jUPfkR mx-0"
  >
    <td
      className="c-CollapseRowArrow-gsmDXe"
      onClick={[Function]}
    >
      <img
        className="c-IconCellIcon-hLqfLK"
        src="/static/images/icon-maximize.svg"
      />
    </td>
    <td
      className="c-OrderTableCell-clytRC"
    >
      28
    </td>
    <td>
      <div
        className="c-DefaultCountryFlag-jvvTEe"
      >
        ?
      </div>
    </td>
    <td>
      <div
        className="align-items-center row no-gutters"
      >
        <div
          className="c-ValidatorsNodeLabel-klLQiF col"
        >
          <span
            className="c-ValidatingLabelWrapper-eennLm c-ValidatingLabelWrapper-eennLm-cFloQm-type-joining badge"
            onBlur={[Function]}
            onFocus={[Function]}
            onMouseOut={[Function]}
            onMouseOver={[Function]}
          >
            component.nodes.ValidatorMainRow.state.joining.title
          </span>
        </div>
        <div
          className="c-ValidatorName-eCGYsD col"
        >
          <div
            className="row no-gutters"
          >
            <div
              className="c-ValidatorNodesText-hdougQ c-ValidatorNameText-iLHpdH col"
              title="@baziliknear.poolv1.near"
            >
              baziliknear.poolv1.near
            </div>
          </div>
          <div
            className="row no-gutters"
          >
            <div
              className="c-ValidatorNodesText-hdougQ c-ValidatorNameText-iLHpdH c-PublicKey-bESuNr col"
              title="ed25519:E4LAWdgLifBEoaWvhRNy5vpdAnUc3GsUHePeiAurZY5v"
            >
              ed25519:E4LAWdgLifBEoaWvhRNy5vpdAnUc3GsUHePeiAurZY5v
            </div>
          </div>
        </div>
      </div>
    </td>
    <td>
      3%
    </td>
    <td>
      148
    </td>
    <td
      className="c-ValidatorNodesText-hdougQ c-StakeText-ePtfAL text-right"
    >
      <span
        onBlur={[Function]}
        onFocus={[Function]}
        onMouseOut={[Function]}
        onMouseOver={[Function]}
      >
        3,735,553
         
        NEAR
      </span>
      <br />
      <small>
        +
        <span
          onBlur={[Function]}
          onFocus={[Function]}
          onMouseOut={[Function]}
          onMouseOver={[Function]}
        >
          569
           
          NEAR
        </span>
      </small>
    </td>
    <td>
      <div
        className="c-Wrapper-lnRZjv"
      >
        <div
          className="c-Value-cNxEVv c-Value-cNxEVv-bVUCHg-type-total"
          style={
            Object {
              "width": "-4.41%",
            }
          }
        />
        <div
          className="c-Value-cNxEVv c-Value-cNxEVv-NcDqG-type-current"
          style={
            Object {
              "width": "0%",
            }
          }
        />
        <div
          className="c-CumulativeStakeLabel-gEhNqg"
        >
          common.state.not_available
        </div>
      </div>
    </td>
  </tr>,
  <tr
    className="c-TableRowWrapper-jUPfkR mx-0"
  >
    <td
      className="c-CollapseRowArrow-gsmDXe"
      onClick={[Function]}
    >
      <img
        className="c-IconCellIcon-hLqfLK"
        src="/static/images/icon-maximize.svg"
      />
    </td>
    <td
      className="c-OrderTableCell-clytRC"
    >
      29
    </td>
    <td>
      <img
        className="c-CountryFlagWrapper-fuqtaQ"
        id="country_flag_01node.poolv1.near"
        onBlur={[Function]}
        onFocus={[Function]}
        onMouseOut={[Function]}
        onMouseOver={[Function]}
        src="https://cdnjs.cloudflare.com/ajax/libs/flag-icon-css/4.1.4/flags/4x3/ro.svg"
        style={
          Object {
            "display": "inline-block",
            "height": "1em",
            "verticalAlign": "middle",
            "width": "1em",
          }
        }
      />
    </td>
    <td>
      <div
        className="align-items-center row no-gutters"
      >
        <div
          className="c-ValidatorsNodeLabel-klLQiF col"
        >
          <span
            className="c-ValidatingLabelWrapper-eennLm c-ValidatingLabelWrapper-eennLm-brIorn-type-leaving badge"
            onBlur={[Function]}
            onFocus={[Function]}
            onMouseOut={[Function]}
            onMouseOver={[Function]}
          >
            component.nodes.ValidatorMainRow.state.leaving.title
          </span>
        </div>
        <div
          className="c-ValidatorName-eCGYsD col"
        >
          <div
            className="row no-gutters"
          >
            <div
              className="c-ValidatorNodesText-hdougQ c-ValidatorNameText-iLHpdH col"
              title="@01node.poolv1.near"
            >
              01node.poolv1.near
            </div>
          </div>
          <div
            className="row no-gutters"
          >
            <div
              className="c-ValidatorNodesText-hdougQ c-ValidatorNameText-iLHpdH c-PublicKey-bESuNr col"
              title="ed25519:5xz7EbcnPqabwoFezdJBxieK8S7XLsdHHuLwM4vLLhFt"
            >
              ed25519:5xz7EbcnPqabwoFezdJBxieK8S7XLsdHHuLwM4vLLhFt
            </div>
          </div>
        </div>
      </div>
    </td>
    <td>
      1%
    </td>
    <td>
      512
    </td>
    <td
      className="c-ValidatorNodesText-hdougQ c-StakeText-ePtfAL text-right"
    >
      <span
        onBlur={[Function]}
        onFocus={[Function]}
        onMouseOut={[Function]}
        onMouseOver={[Function]}
      >
        3,632,096
         
        NEAR
      </span>
      <br />
      <small>
        -
        <span
          onBlur={[Function]}
          onFocus={[Function]}
          onMouseOut={[Function]}
          onMouseOver={[Function]}
        >
          3,508
           
          NEAR
        </span>
      </small>
    </td>
    <td>
      <div
        className="c-Wrapper-lnRZjv"
      >
        <div
          className="c-Value-cNxEVv c-Value-cNxEVv-bVUCHg-type-total"
          style={
            Object {
              "width": "95.72%",
            }
          }
        />
        <div
          className="c-Value-cNxEVv c-Value-cNxEVv-NcDqG-type-current"
          style={
            Object {
              "width": "4.280000000000001%",
            }
          }
        />
        <div
          className="c-CumulativeStakeLabel-gEhNqg"
        >
          100%
        </div>
      </div>
    </td>
  </tr>,
]
`;
